// Jest Snapshot v1, https://goo.gl/fbAQLP

exports[`Layout component renders itself and its children and matches snapshot 1`] = `
.c0 {
  min-height: 100vh;
  color: #ffffff;
  background: url(/background.jpg);
  background-position: center;
  background-repeat: no-repeat;
  background-size: cover;
}

.c1 {
  min-height: inherit;
  background-color: rgba(0,0,0,0.5);
}

<div>
  <div
    class="c0"
  >
    <div
      class="c1"
    >
      <span>
        Some content
      </span>
      <span>
        Some more content
      </span>
    </div>
  </div>
</div>
`;
